{
  "Description": "1 Types",
  "Types": {
    "JLib.Reflection.Tests": [
      "TypePackageTests.DemoClassA"
    ]
  },
  "Children": []
}
