{
  "Description": "3 Types",
  "Types": {
    "JLib.Reflection.Tests": [
      "TypePackageTests.DemoClassA",
      "TypePackageTests.DemoClassB",
      "TypePackageTests.DemoClassC"
    ]
  },
  "Children": []
}
