{
  "Description": "2 Assemblies",
  "Types": {},
  "Children": [
    {
      "Description": "JLib.Reflection.Tests.DemoAssembly1",
      "Types": {
        "JLib.Reflection.Tests.DemoAssembly1": [
          "TestAssemblyDemoClassA",
          "TestAssemblyDemoClassB",
          "TestAssemblyDemoClassC"
        ]
      },
      "Children": []
    },
    {
      "Description": "JLib.Reflection.Tests.DemoAssembly2",
      "Types": {
        "JLib.Reflection.Tests.DemoAssembly2": [
          "TestAssembly2DemoClassA",
          "TestAssembly2DemoClassB",
          "TestAssembly2DemoClassC"
        ]
      },
      "Children": []
    }
  ]
}
