{
  "Description": "Testing Assembly {0} {1}",
  "Types": {
    "JLib.Reflection.Tests.DemoAssembly1": [
      "TestAssemblyDemoClassA",
      "TestAssemblyDemoClassB",
      "TestAssemblyDemoClassC"
    ]
  },
  "Children": []
}
