{
  "TestName": "TypeValueTypeWithoutFactoryAttribute",
  "Environment": {
    "Types": {
      "InvalidTypeValueType": {
        "Kind": "Class",
        "Attributes": [
          "NullableAttribute",
          "NullableContextAttribute",
          "UnmappedAttribute"
        ],
        "ImplementedInterfaces": [
          "IEquatable<TypeCacheTests.TypeValueTypeWithoutFactoryAttribute.InvalidTypeValueType>",
          "IEquatable<TypeValueType>",
          "IEquatable<ValueType<Type>>",
          "ITypeValueType",
          "IValueType"
        ]
      }
    }
  },
  "Exceptions": {
    "Type": "JLib.Exceptions.JLibAggregateException",
    "MessageLines": [
      "TypeValueTypeWithoutFactoryAttribute"
    ],
    "InnerExceptions": [
      {
        "Type": "JLib.Exceptions.JLibAggregateException",
        "MessageLines": [
          "Cache setup failed"
        ],
        "InnerExceptions": [
          {
            "Type": "JLib.Exceptions.JLibAggregateException",
            "MessageLines": [
              "some Types have no filter attributes"
            ],
            "InnerExceptions": [
              {
                "Type": "JLib.Reflection.InvalidTypeException",
                "MessageLines": [
                  "JLib.Reflection.Tests.TypeCacheTests.TypeValueTypeWithoutFactoryAttribute.InvalidTypeValueType"
                ],
                "InnerExceptions": []
              }
            ]
          }
        ]
      }
    ]
  },
  "CachedTypes": {},
  "KnownTypeValueTypes": [
    "InvalidTypeValueType"
  ]
}
