[
  "74519d31-bb45-48c3-a7fa-f2e55a2c365f",
  "82a15361-b69d-43b2-b887-01b2556cd6d5"
]
