[
  "74519d31-bb45-48c3-a7fa-f2e55a2c365f",
  "d0aeebf2-c993-4a1b-86b0-a132e56f9477"
]
